// Jest Snapshot v1, https://goo.gl/fbAQLP

exports[`NewTodoForm snapshot 1`] = `
<form
  onSubmit={[Function]}
>
  <input
    onChange={[Function]}
    placeholder="Enter a new task"
    type="text"
    value=""
  />
  <button
    type="submit"
  >
    Add Todo
  </button>
</form>
`;
