// Jest Snapshot v1, https://goo.gl/fbAQLP

exports[`Todo snapshot 1`] = `
<div>
  Test Task
  <button
    onClick={[Function]}
  >
    X
  </button>
</div>
`;
